[18040:9312:0915/130410.904:WARNING:chrome_main_delegate.cc(745)] This is Chrome version 128.0.6613.138 (not a warning)
[18040:11756:0915/130410.931:ERROR:google_update_settings.cc(265)] Failed opening key Software\Chromium to set usagestats; result: 5
[18040:9312:0915/130410.950:WARNING:account_consistency_mode_manager.cc(77)] Desktop Identity Consistency cannot be enabled as no OAuth client ID and client secret have been configured.
[9868:21108:0915/130413.985:WARNING:frame_impl.cc(430)] virtual CefFrameImpl::SendProcessMessage sent to detached frame 5-43AF69274E1C28F88F5D07068BBCD663 will be ignored
[13616:12292:0915/130414.775:WARNING:codec.cc(525)] Explicitly added H264 constrained baseline to list of supported formats.
[13616:11716:0915/130414.800:WARNING:codec.cc(525)] Explicitly added H264 constrained baseline to list of supported formats.
[13616:11716:0915/130414.800:WARNING:codec.cc(525)] Explicitly added H264 constrained baseline to list of supported formats.
[13616:11716:0915/130414.801:WARNING:codec.cc(525)] Explicitly added H264 constrained baseline to list of supported formats.
[13608:14936:0915/130415.000:WARNING:host_resolver_dns_task.cc(863)] Address list empty after RFC3484 sort
[13608:14936:0915/130415.003:ERROR:socket_manager.cc(147)] Failed to resolve address for stun.cloudflare.com., errorcode: -105
[13608:14936:0915/130415.003:ERROR:socket_manager.cc(147)] Failed to resolve address for stun.cloudflare.com., errorcode: -105
[13608:14936:0915/130415.003:ERROR:socket_manager.cc(147)] Failed to resolve address for stun.cloudflare.com., errorcode: -105
[13616:11716:0915/130415.003:WARNING:stun_port.cc(442)] Port[1205800:0:1:0:host:Net[any:0:0:0:x:x:x:x:x/0:Wildcard:id=0]]: StunPort: stun host lookup received error -1
[13616:11716:0915/130415.003:WARNING:stun_port.cc(442)] Port[1206000:1:1:0:host:Net[any:0:0:0:x:x:x:x:x/0:Wildcard:id=0]]: StunPort: stun host lookup received error -1
[13616:11716:0915/130415.003:WARNING:stun_port.cc(442)] Port[1206800:2:1:0:host:Net[any:0:0:0:x:x:x:x:x/0:Wildcard:id=0]]: StunPort: stun host lookup received error -1
[13608:14936:0915/130415.030:WARNING:host_resolver_dns_task.cc(863)] Address list empty after RFC3484 sort
[13608:14936:0915/130415.031:ERROR:socket_manager.cc(147)] Failed to resolve address for stun1.l.google.com., errorcode: -105
[13608:14936:0915/130415.031:ERROR:socket_manager.cc(147)] Failed to resolve address for stun1.l.google.com., errorcode: -105
[13608:14936:0915/130415.031:ERROR:socket_manager.cc(147)] Failed to resolve address for stun1.l.google.com., errorcode: -105
[13608:14936:0915/130415.037:WARNING:host_resolver_dns_task.cc(863)] Address list empty after RFC3484 sort
[13608:14936:0915/130415.038:ERROR:socket_manager.cc(147)] Failed to resolve address for stun.l.google.com., errorcode: -105
[13608:14936:0915/130415.038:ERROR:socket_manager.cc(147)] Failed to resolve address for stun.l.google.com., errorcode: -105
[13608:14936:0915/130415.038:ERROR:socket_manager.cc(147)] Failed to resolve address for stun.l.google.com., errorcode: -105
[13616:11716:0915/130415.336:WARNING:stun_port.cc(442)] Port[1205800:0:1:0:host:Net[any:0:0:0:x:x:x:x:x/0:Wildcard:id=0]]: StunPort: stun host lookup received error -1
[13616:11716:0915/130415.336:WARNING:stun_port.cc(442)] Port[1206000:1:1:0:host:Net[any:0:0:0:x:x:x:x:x/0:Wildcard:id=0]]: StunPort: stun host lookup received error -1
[13616:11716:0915/130415.336:WARNING:stun_port.cc(442)] Port[1206800:2:1:0:host:Net[any:0:0:0:x:x:x:x:x/0:Wildcard:id=0]]: StunPort: stun host lookup received error -1
[13616:11716:0915/130415.336:WARNING:stun_port.cc(442)] Port[1205800:0:1:0:host:Net[any:0:0:0:x:x:x:x:x/0:Wildcard:id=0]]: StunPort: stun host lookup received error -1
[13616:11716:0915/130415.336:WARNING:stun_port.cc(442)] Port[1206000:1:1:0:host:Net[any:0:0:0:x:x:x:x:x/0:Wildcard:id=0]]: StunPort: stun host lookup received error -1
[13616:11716:0915/130415.336:WARNING:stun_port.cc(442)] Port[1206800:2:1:0:host:Net[any:0:0:0:x:x:x:x:x/0:Wildcard:id=0]]: StunPort: stun host lookup received error -1
[18040:21140:0915/130415.667:WARNING:browser_info.cc(345)] Returning a speculative frame for [7,9]
[18040:9312:0915/130415.994:WARNING:browser_info.cc(345)] Returning a speculative frame for [8,9]
[18040:9312:0915/130415.995:WARNING:browser_info.cc(345)] Returning a speculative frame for [8,9]
[18040:9312:0915/130415.995:WARNING:browser_info.cc(345)] Returning a speculative frame for [8,9]
[18040:9312:0915/130415.995:WARNING:browser_info.cc(345)] Returning a speculative frame for [8,9]
[18040:21140:0915/130416.005:WARNING:browser_info.cc(345)] Returning a speculative frame for [8,9]
[15592:17960:0915/130417.322:WARNING:codec.cc(525)] Explicitly added H264 constrained baseline to list of supported formats.
[15592:14928:0915/130417.360:WARNING:codec.cc(525)] Explicitly added H264 constrained baseline to list of supported formats.
[15592:14928:0915/130417.360:WARNING:codec.cc(525)] Explicitly added H264 constrained baseline to list of supported formats.
[15592:14928:0915/130417.361:WARNING:codec.cc(525)] Explicitly added H264 constrained baseline to list of supported formats.
[13608:14936:0915/130417.662:WARNING:host_resolver_dns_task.cc(863)] Address list empty after RFC3484 sort
[13608:14936:0915/130417.662:WARNING:host_resolver_dns_task.cc(863)] Address list empty after RFC3484 sort
[13608:14936:0915/130417.662:WARNING:host_resolver_dns_task.cc(863)] Address list empty after RFC3484 sort
[13608:14936:0915/130417.662:ERROR:socket_manager.cc(147)] Failed to resolve address for stun.l.google.com., errorcode: -105
[13608:14936:0915/130417.662:ERROR:socket_manager.cc(147)] Failed to resolve address for stun.l.google.com., errorcode: -105
[13608:14936:0915/130417.662:ERROR:socket_manager.cc(147)] Failed to resolve address for stun.l.google.com., errorcode: -105
[13608:14936:0915/130417.662:ERROR:socket_manager.cc(147)] Failed to resolve address for stun.cloudflare.com., errorcode: -105
[13608:14936:0915/130417.662:ERROR:socket_manager.cc(147)] Failed to resolve address for stun.cloudflare.com., errorcode: -105
[13608:14936:0915/130417.662:ERROR:socket_manager.cc(147)] Failed to resolve address for stun.cloudflare.com., errorcode: -105
[13608:14936:0915/130417.662:ERROR:socket_manager.cc(147)] Failed to resolve address for stun1.l.google.com., errorcode: -105
[13608:14936:0915/130417.662:ERROR:socket_manager.cc(147)] Failed to resolve address for stun1.l.google.com., errorcode: -105
[13608:14936:0915/130417.662:ERROR:socket_manager.cc(147)] Failed to resolve address for stun1.l.google.com., errorcode: -105
[15592:14928:0915/130417.663:WARNING:stun_port.cc(442)] Port[12a8400:0:1:0:host:Net[any:0:0:0:x:x:x:x:x/0:Wildcard:id=0]]: StunPort: stun host lookup received error -1
[15592:14928:0915/130417.663:WARNING:stun_port.cc(442)] Port[12a9400:1:1:0:host:Net[any:0:0:0:x:x:x:x:x/0:Wildcard:id=0]]: StunPort: stun host lookup received error -1
[15592:14928:0915/130417.663:WARNING:stun_port.cc(442)] Port[12a9c00:2:1:0:host:Net[any:0:0:0:x:x:x:x:x/0:Wildcard:id=0]]: StunPort: stun host lookup received error -1
[15592:14928:0915/130417.663:WARNING:stun_port.cc(442)] Port[12a8400:0:1:0:host:Net[any:0:0:0:x:x:x:x:x/0:Wildcard:id=0]]: StunPort: stun host lookup received error -1
[15592:14928:0915/130417.663:WARNING:stun_port.cc(442)] Port[12a9400:1:1:0:host:Net[any:0:0:0:x:x:x:x:x/0:Wildcard:id=0]]: StunPort: stun host lookup received error -1
[15592:14928:0915/130417.663:WARNING:stun_port.cc(442)] Port[12a9c00:2:1:0:host:Net[any:0:0:0:x:x:x:x:x/0:Wildcard:id=0]]: StunPort: stun host lookup received error -1
[15592:14928:0915/130417.663:WARNING:stun_port.cc(442)] Port[12a8400:0:1:0:host:Net[any:0:0:0:x:x:x:x:x/0:Wildcard:id=0]]: StunPort: stun host lookup received error -1
[15592:14928:0915/130417.663:WARNING:stun_port.cc(442)] Port[12a9400:1:1:0:host:Net[any:0:0:0:x:x:x:x:x/0:Wildcard:id=0]]: StunPort: stun host lookup received error -1
[15592:14928:0915/130417.663:WARNING:stun_port.cc(442)] Port[12a9c00:2:1:0:host:Net[any:0:0:0:x:x:x:x:x/0:Wildcard:id=0]]: StunPort: stun host lookup received error -1
[15592:17960:0915/130423.692:WARNING:codec.cc(525)] Explicitly added H264 constrained baseline to list of supported formats.
[15592:17960:0915/130423.697:WARNING:codec.cc(525)] Explicitly added H264 constrained baseline to list of supported formats.
[15592:14928:0915/130423.700:WARNING:codec.cc(525)] Explicitly added H264 constrained baseline to list of supported formats.
[15592:14928:0915/130423.700:WARNING:codec.cc(525)] Explicitly added H264 constrained baseline to list of supported formats.
[15592:14928:0915/130423.700:WARNING:codec.cc(525)] Explicitly added H264 constrained baseline to list of supported formats.
[13608:14936:0915/130423.992:WARNING:host_resolver_dns_task.cc(863)] Address list empty after RFC3484 sort
[13608:14936:0915/130423.992:WARNING:host_resolver_dns_task.cc(863)] Address list empty after RFC3484 sort
[13608:14936:0915/130423.992:WARNING:host_resolver_dns_task.cc(863)] Address list empty after RFC3484 sort
[13608:14936:0915/130423.992:ERROR:socket_manager.cc(147)] Failed to resolve address for stun.cloudflare.com., errorcode: -105
[13608:14936:0915/130423.992:ERROR:socket_manager.cc(147)] Failed to resolve address for stun.cloudflare.com., errorcode: -105
[13608:14936:0915/130423.992:ERROR:socket_manager.cc(147)] Failed to resolve address for stun.cloudflare.com., errorcode: -105
[13608:14936:0915/130423.992:ERROR:socket_manager.cc(147)] Failed to resolve address for stun.l.google.com., errorcode: -105
[13608:14936:0915/130423.992:ERROR:socket_manager.cc(147)] Failed to resolve address for stun.l.google.com., errorcode: -105
[15592:14928:0915/130423.992:WARNING:stun_port.cc(442)] Port[12a9800:0:1:0:host:Net[any:0:0:0:x:x:x:x:x/0:Wildcard:id=0]]: StunPort: stun host lookup received error -1
[13608:14936:0915/130423.992:ERROR:socket_manager.cc(147)] Failed to resolve address for stun.l.google.com., errorcode: -105
[15592:14928:0915/130423.992:WARNING:stun_port.cc(442)] Port[12aa000:1:1:0:host:Net[any:0:0:0:x:x:x:x:x/0:Wildcard:id=0]]: StunPort: stun host lookup received error -1
[13608:14936:0915/130423.992:ERROR:socket_manager.cc(147)] Failed to resolve address for stun1.l.google.com., errorcode: -105
[13608:14936:0915/130423.992:ERROR:socket_manager.cc(147)] Failed to resolve address for stun1.l.google.com., errorcode: -105
[13608:14936:0915/130423.992:ERROR:socket_manager.cc(147)] Failed to resolve address for stun1.l.google.com., errorcode: -105
[15592:14928:0915/130423.992:WARNING:stun_port.cc(442)] Port[12a8800:2:1:0:host:Net[any:0:0:0:x:x:x:x:x/0:Wildcard:id=0]]: StunPort: stun host lookup received error -1
[15592:14928:0915/130423.992:WARNING:stun_port.cc(442)] Port[12a9800:0:1:0:host:Net[any:0:0:0:x:x:x:x:x/0:Wildcard:id=0]]: StunPort: stun host lookup received error -1
[15592:14928:0915/130423.992:WARNING:stun_port.cc(442)] Port[12aa000:1:1:0:host:Net[any:0:0:0:x:x:x:x:x/0:Wildcard:id=0]]: StunPort: stun host lookup received error -1
[15592:14928:0915/130423.992:WARNING:stun_port.cc(442)] Port[12a8800:2:1:0:host:Net[any:0:0:0:x:x:x:x:x/0:Wildcard:id=0]]: StunPort: stun host lookup received error -1
[15592:14928:0915/130423.992:WARNING:stun_port.cc(442)] Port[12a9800:0:1:0:host:Net[any:0:0:0:x:x:x:x:x/0:Wildcard:id=0]]: StunPort: stun host lookup received error -1
[15592:14928:0915/130423.992:WARNING:stun_port.cc(442)] Port[12aa000:1:1:0:host:Net[any:0:0:0:x:x:x:x:x/0:Wildcard:id=0]]: StunPort: stun host lookup received error -1
[15592:14928:0915/130423.992:WARNING:stun_port.cc(442)] Port[12a8800:2:1:0:host:Net[any:0:0:0:x:x:x:x:x/0:Wildcard:id=0]]: StunPort: stun host lookup received error -1
[18040:9312:0915/130540.977:WARNING:pref_notifier_impl.cc(41)] Pref observer for media_router.cast_allow_all_ips found at shutdown.
